p['FixedInternalImagePixelType'] = ['float']
p['MovingInternalImagePixelType'] = ['float']
p['FixedImageDimension'] = [2]
p['MovingImageDimension'] = [2]
p['UseDirectionCosines'] = ['true']
p['Registration'] = ['MultiResolutionRegistration']
p['Interpolator'] = ['BSplineInterpolator']
p['ResampleInterpolator'] = ['FinalBSplineInterpolator']
p['Resampler'] = ['DefaultResampler']
p['FixedImagePyramid'] = ['FixedSmoothingImagePyramid']
p['MovingImagePyramid'] = ['MovingSmoothingImagePyramid']
p['Optimizer'] = ['AdaptiveStochasticGradientDescent']
p['Transform'] = ['EulerTransform']
p['Metric'] = ['AdvancedMattesMutualInformation']
p['AutomaticScalesEstimation'] = ['true']
p['AutomaticTransformInitialization'] = ['true']
p['HowToCombineTransforms'] = ['Compose']
p['NumberOfHistogramBins'] = [16]
p['ErodeMask'] = ['false']
p['NumberOfResolutions'] = [6]
p['MaximumNumberOfIterations'] = [2000]
p['NumberOfSpatialSamples'] = [2048]
p['NewSamplesEveryIteration'] = ['true']
p['ImageSampler'] = ['Random']
p['BSplineInterpolationOrder'] = [1]
p['FinalBSplineInterpolationOrder'] = [3]
p['DefaultPixelValue'] = [0]
p['WriteResultImage'] = ['true']
p['ResultImagePixelType'] = ['unsigned char']
p['ResultImageFormat'] = ['tif']


p['Transform'] = ['EulerTransform']
p['NumberOfParameters 3)
p['TransformParameters -0.000003 0.003779 -0.002859)
p['InitialTransformParametersFileName'] = ['NoInitialTransform']
p['HowToCombineTransforms'] = ['Compose']

# Resampler specific
p['Resampler'] = ['DefaultResampler']
p['DefaultPixelValue 0.000000)
p['ResultImageFormat'] = ['tif']
p['ResultImagePixelType'] = ['unsigned char']
p['CompressResultImage'] = ['false']



